// Jest Snapshot v1, https://goo.gl/fbAQLP

exports[`ExperienceList Component matches snapshot 1`] = `
<div>
  <div
    class="skill-list"
  >
    <div
      class="flex flex-col gap-3"
    >
      <div
        class="flex w-full justify-between gap-2"
      >
        <div
          class="flex gap-4"
        >
          <img
            alt="Generic Company logo"
            class="hidden h-[7rem] w-[7rem] rounded-xl sm:block"
            src="./images/placeholder.png"
          />
          <div
            class="flex flex-col"
          >
            <h3
              class="h3 mb-0 font-extrabold text-content-title max-sm:text-sm sm:text-xs md:text-base"
            >
              Generic Job Title
            </h3>
            <p
              class="mb-0.5 font-semibold leading-snug text-content-subtitle max-sm:text-sm sm:text-xs md:text-base"
            >
              Generic Company
            </p>
            <p
              class="mb-0 font-medium leading-snug text-content-accent max-sm:text-xs sm:text-xs md:text-sm"
            >
              Generic Type
            </p>
            <p
              class="mb-0 font-medium leading-snug text-content-date max-sm:text-xs sm:text-xs md:text-sm"
            >
              Generic Start
               - 
              Generic End
            </p>
            <p
              class="mb-0 font-light leading-snug text-content-accent max-sm:text-xs sm:text-xs md:text-xs"
            >
              Generic Location
            </p>
          </div>
        </div>
        <div
          class="flex flex-wrap gap-3 max-sm:flex-col sm:flex-col"
        >
          <a
            aria-label="Website"
            class="social-link"
            href="https://genericwebsite.com"
            rel="noopener noreferrer"
            target="_blank"
          >
            <iconify-icon
              height="1.25em"
              icon="fa6-solid:globe"
              width="1.25em"
            />
          </a>
        </div>
      </div>
      <div
        class="mb-3 font-normal leading-relaxed max-sm:text-xs sm:text-xs sm:leading-relaxed md:text-sm"
      >
        <ul
          class="list-disc pl-10 pr-5"
        >
          <li>
            Generic detail 1
          </li>
          <li>
            Generic detail 2
          </li>
          <li>
            Generic detail 3
          </li>
          <li>
            Generic detail 4
          </li>
        </ul>
      </div>
      <div
        class="flex flex-col gap-1.5"
      >
        <span
          class="font-medium leading-snug text-content-accent max-sm:text-xs sm:text-xs md:text-sm"
        >
          Technologies:
        </span>
        <div
          class="flex flex-wrap max-sm:gap-1 sm:gap-2 md:gap-3"
        >
          <a
            class="skill-block"
            href="https://genericskill1.com"
            rel="noopener noreferrer"
            target="_blank"
          >
            <iconify-icon
              class="icon-box"
              classname="icon-box"
              height="1.1em"
              icon="ph:placeholder-fill"
              width="1.1em"
            />
            Generic Skill 1
          </a>
          <a
            class="skill-block"
            href="https://genericskill2.com"
            rel="noopener noreferrer"
            target="_blank"
          >
            <iconify-icon
              class="icon-box"
              classname="icon-box"
              height="1.1em"
              icon="ph:placeholder-fill"
              width="1.1em"
            />
            Generic Skill 2
          </a>
          <a
            class="skill-block"
            href="https://genericskill3.com"
            rel="noopener noreferrer"
            target="_blank"
          >
            <iconify-icon
              class="icon-box"
              classname="icon-box"
              height="1.1em"
              icon="ph:placeholder-fill"
              width="1.1em"
            />
            Generic Skill 3
          </a>
          <a
            class="skill-block"
            href="https://genericskill4.com"
            rel="noopener noreferrer"
            target="_blank"
          >
            <iconify-icon
              class="icon-box"
              classname="icon-box"
              height="1.1em"
              icon="ph:placeholder-fill"
              width="1.1em"
            />
            Generic Skill 4
          </a>
        </div>
      </div>
    </div>
  </div>
</div>
`;
