// Jest Snapshot v1, https://goo.gl/fbAQLP

exports[`EducationList Component matches snapshot 1`] = `
<div>
  <div>
    <div
      class="flex flex-col gap-3"
    >
      <div
        class="flex gap-2 justify-between w-full"
      >
        <div
          class="flex gap-4"
        >
          <img
            alt="Sample University Logo"
            class="hidden rounded-xl sm:block h-[6.5rem] w-[6.5rem]"
            src="./images/placeholder.png"
          />
          <div
            class="flex flex-col"
          >
            <h3
              class="h3 font-extrabold text-content-title mb-0"
            >
              Sample University
            </h3>
            <p
              class="font-semibold text-base text-content-subtitle leading-snug mb-0.5"
            >
              BSc. Sample Degree
            </p>
            <p
              class="font-medium text-sm text-content-accent leading-snug mb-0.5"
            >
              Sample Category
            </p>
            <p
              class="font-medium text-sm text-content-date leading-snug mb-0"
            >
              2000
               - 
              2004
            </p>
            <p
              class="font-light text-xs text-content-accent leading-snug mb-0.5"
            >
              Sample City, Country
            </p>
          </div>
        </div>
        <div
          class="flex gap-3 flex-wrap sm:flex-nowrap"
          id="Sample University Links"
        >
          <a
            aria-label="program"
            class="social-link"
            href="https://sampleprogram.com"
            rel="noopener noreferrer"
            target="_blank"
          >
            <iconify-icon
              height="1.25em"
              icon="fa6-solid:circle-info"
              width="1.25em"
            />
          </a>
          <a
            aria-label="school"
            class="social-link"
            href="https://sampleuniversity.com"
            rel="noopener noreferrer"
            target="_blank"
          >
            <iconify-icon
              height="1.25em"
              icon="fa6-solid:globe"
              width="1.25em"
            />
          </a>
        </div>
      </div>
      <div
        class="text-sm font-light leading-relaxed sm:leading-relaxed mb-3"
      >
        <ul
          class="list-disc px-16"
        >
          <li>
            Sample detail 1
          </li>
          <li>
            Sample detail 2
          </li>
          <li>
            Sample detail 3
          </li>
          <li>
            Sample detail 4
          </li>
        </ul>
      </div>
    </div>
  </div>
</div>
`;
