// Jest Snapshot v1, https://goo.gl/fbAQLP

exports[`ExperienceList Component matches snapshot 1`] = `
<div>
  <div
    class="skill-list"
  >
    <div
      class="flex flex-col gap-3"
    >
      <div
        class="flex gap-2 justify-between w-full"
      >
        <div
          class="flex gap-4"
        >
          <img
            alt="Generic Company logo"
            class="hidden rounded-xl sm:block h-[6.5rem] w-[6.5rem]"
            src="./images/placeholder.png"
          />
          <div
            class="flex flex-col"
          >
            <h3
              class="h3 text-content-title font-extrabold mb-0"
            >
              Generic Job Title
            </h3>
            <p
              class="text-content-subtitle font-semibold leading-snug mb-0.5"
            >
              Generic Company
            </p>
            <p
              class="font-medium text-sm text-content-date mb-0"
            >
              Generic Type
            </p>
            <p
              class="font-medium text-sm text-content-date mb-0"
            >
              Generic Start
               - 
              Generic End
            </p>
            <p
              class="font-light text-xs text-content-accent leading-snug mb-0.5"
            >
              Generic Location
            </p>
          </div>
        </div>
        <div
          class="flex gap-3 flex-wrap sm:flex-nowrap"
        >
          <a
            aria-label="Website"
            class="social-link"
            href="https://genericwebsite.com"
            rel="noopener noreferrer"
            target="_blank"
          >
            <iconify-icon
              height="1.25em"
              icon="fa6-solid:globe"
              width="1.25em"
            />
          </a>
        </div>
      </div>
      <div
        class="text-sm font-light leading-relaxed sm:leading-relaxed mb-3"
      >
        <ul
          class="list-disc px-16"
        >
          <li>
            Generic detail 1
          </li>
          <li>
            Generic detail 2
          </li>
          <li>
            Generic detail 3
          </li>
          <li>
            Generic detail 4
          </li>
        </ul>
      </div>
      <div
        class="flex flex-col gap-1.5"
      >
        <span
          class="font-medium text-content-accent"
        >
          Technologies:
        </span>
        <div
          class="flex gap-3 flex-wrap"
        >
          <a
            class="skill-block"
            href="https://genericskill1.com"
            rel="noopener noreferrer"
            target="_blank"
          >
            <iconify-icon
              class="icon-box"
              classname="icon-box"
              height="1.1rem"
              icon="ph:placeholder-fill"
              width="1.1rem"
            />
            Generic Skill 1
          </a>
          <a
            class="skill-block"
            href="https://genericskill2.com"
            rel="noopener noreferrer"
            target="_blank"
          >
            <iconify-icon
              class="icon-box"
              classname="icon-box"
              height="1.1rem"
              icon="ph:placeholder-fill"
              width="1.1rem"
            />
            Generic Skill 2
          </a>
          <a
            class="skill-block"
            href="https://genericskill3.com"
            rel="noopener noreferrer"
            target="_blank"
          >
            <iconify-icon
              class="icon-box"
              classname="icon-box"
              height="1.1rem"
              icon="ph:placeholder-fill"
              width="1.1rem"
            />
            Generic Skill 3
          </a>
          <a
            class="skill-block"
            href="https://genericskill4.com"
            rel="noopener noreferrer"
            target="_blank"
          >
            <iconify-icon
              class="icon-box"
              classname="icon-box"
              height="1.1rem"
              icon="ph:placeholder-fill"
              width="1.1rem"
            />
            Generic Skill 4
          </a>
        </div>
      </div>
    </div>
  </div>
</div>
`;
