// Jest Snapshot v1, https://goo.gl/fbAQLP

exports[`SkillButton renders skill buttons with correct data 1`] = `
<DocumentFragment>
  <div
    class="flex gap-3 flex-wrap"
  >
    <a
      class="skill-block"
      href="https://skill1.com"
      rel="noopener noreferrer"
      target="_blank"
    >
      <iconify-icon
        class="icon-box"
        classname="icon-box"
        height="1.1rem"
        icon="skill1-icon"
        width="1.1rem"
      />
      Skill 1
    </a>
    <a
      class="skill-block"
      href="https://skill2.com"
      rel="noopener noreferrer"
      target="_blank"
    >
      <iconify-icon
        class="icon-box"
        classname="icon-box"
        height="1.1rem"
        icon="skill2-icon"
        width="1.1rem"
      />
      Skill 2
    </a>
  </div>
</DocumentFragment>
`;

exports[`SkillButton should match manual snapshot 1`] = `
<DocumentFragment>
  <div
    class="flex gap-3 flex-wrap"
  >
    <a
      class="skill-block"
      href="https://skill1.com"
      rel="noopener noreferrer"
      target="_blank"
    >
      <iconify-icon
        class="icon-box"
        classname="icon-box"
        height="1.1rem"
        icon="skill1-icon"
        width="1.1rem"
      />
      Skill 1
    </a>
    <a
      class="skill-block"
      href="https://skill2.com"
      rel="noopener noreferrer"
      target="_blank"
    >
      <iconify-icon
        class="icon-box"
        classname="icon-box"
        height="1.1rem"
        icon="skill2-icon"
        width="1.1rem"
      />
      Skill 2
    </a>
  </div>
</DocumentFragment>
`;
